Analysis & Synthesis report for Rep_Fin_B0829002
Thu Jan 12 17:30:09 2023
Quartus Prime Version 20.1.1 Build 720 11/11/2020 SJ Lite Edition


---------------------
; Table of Contents ;
---------------------
  1. Legal Notice
  2. Analysis & Synthesis Summary
  3. Analysis & Synthesis Settings
  4. Parallel Compilation
  5. Analysis & Synthesis Source Files Read
  6. Analysis & Synthesis Resource Usage Summary
  7. Analysis & Synthesis Resource Utilization by Entity
  8. General Register Statistics
  9. Multiplexer Restructuring Statistics (Restructuring Performed)
 10. Port Connectivity Checks: "CPU:cpu|Rep_Lab_07:rep"
 11. Post-Synthesis Netlist Statistics for Top Partition
 12. Elapsed Time Per Partition
 13. Analysis & Synthesis Messages



----------------
; Legal Notice ;
----------------
Copyright (C) 2020  Intel Corporation. All rights reserved.
Your use of Intel Corporation's design tools, logic functions 
and other software and tools, and any partner logic 
functions, and any output files from any of the foregoing 
(including device programming or simulation files), and any 
associated documentation or information are expressly subject 
to the terms and conditions of the Intel Program License 
Subscription Agreement, the Intel Quartus Prime License Agreement,
the Intel FPGA IP License Agreement, or other applicable license
agreement, including, without limitation, that your use is for
the sole purpose of programming logic devices manufactured by
Intel and sold by Intel or its authorized distributors.  Please
refer to the applicable agreement for further details, at
https://fpgasoftware.intel.com/eula.



+----------------------------------------------------------------------------------+
; Analysis & Synthesis Summary                                                     ;
+------------------------------------+---------------------------------------------+
; Analysis & Synthesis Status        ; Successful - Thu Jan 12 17:30:09 2023       ;
; Quartus Prime Version              ; 20.1.1 Build 720 11/11/2020 SJ Lite Edition ;
; Revision Name                      ; Rep_Fin_B0829002                            ;
; Top-level Entity Name              ; Top                                         ;
; Family                             ; Cyclone IV E                                ;
; Total logic elements               ; 3,962                                       ;
;     Total combinational functions  ; 1,884                                       ;
;     Dedicated logic registers      ; 2,120                                       ;
; Total registers                    ; 2120                                        ;
; Total pins                         ; 115                                         ;
; Total virtual pins                 ; 0                                           ;
; Total memory bits                  ; 0                                           ;
; Embedded Multiplier 9-bit elements ; 0                                           ;
; Total PLLs                         ; 0                                           ;
+------------------------------------+---------------------------------------------+


+------------------------------------------------------------------------------------------------------------+
; Analysis & Synthesis Settings                                                                              ;
+------------------------------------------------------------------+--------------------+--------------------+
; Option                                                           ; Setting            ; Default Value      ;
+------------------------------------------------------------------+--------------------+--------------------+
; Device                                                           ; EP4CE115F29C7      ;                    ;
; Top-level entity name                                            ; Top                ; Rep_Fin_B0829002   ;
; Family name                                                      ; Cyclone IV E       ; Cyclone V          ;
; Use smart compilation                                            ; Off                ; Off                ;
; Enable parallel Assembler and Timing Analyzer during compilation ; On                 ; On                 ;
; Enable compact report table                                      ; Off                ; Off                ;
; Restructure Multiplexers                                         ; Auto               ; Auto               ;
; Create Debugging Nodes for IP Cores                              ; Off                ; Off                ;
; Preserve fewer node names                                        ; On                 ; On                 ;
; Intel FPGA IP Evaluation Mode                                    ; Enable             ; Enable             ;
; Verilog Version                                                  ; Verilog_2001       ; Verilog_2001       ;
; VHDL Version                                                     ; VHDL_1993          ; VHDL_1993          ;
; State Machine Processing                                         ; Auto               ; Auto               ;
; Safe State Machine                                               ; Off                ; Off                ;
; Extract Verilog State Machines                                   ; On                 ; On                 ;
; Extract VHDL State Machines                                      ; On                 ; On                 ;
; Ignore Verilog initial constructs                                ; Off                ; Off                ;
; Iteration limit for constant Verilog loops                       ; 5000               ; 5000               ;
; Iteration limit for non-constant Verilog loops                   ; 250                ; 250                ;
; Add Pass-Through Logic to Inferred RAMs                          ; On                 ; On                 ;
; Infer RAMs from Raw Logic                                        ; On                 ; On                 ;
; Parallel Synthesis                                               ; On                 ; On                 ;
; DSP Block Balancing                                              ; Auto               ; Auto               ;
; NOT Gate Push-Back                                               ; On                 ; On                 ;
; Power-Up Don't Care                                              ; On                 ; On                 ;
; Remove Redundant Logic Cells                                     ; Off                ; Off                ;
; Remove Duplicate Registers                                       ; On                 ; On                 ;
; Ignore CARRY Buffers                                             ; Off                ; Off                ;
; Ignore CASCADE Buffers                                           ; Off                ; Off                ;
; Ignore GLOBAL Buffers                                            ; Off                ; Off                ;
; Ignore ROW GLOBAL Buffers                                        ; Off                ; Off                ;
; Ignore LCELL Buffers                                             ; Off                ; Off                ;
; Ignore SOFT Buffers                                              ; On                 ; On                 ;
; Limit AHDL Integers to 32 Bits                                   ; Off                ; Off                ;
; Optimization Technique                                           ; Balanced           ; Balanced           ;
; Carry Chain Length                                               ; 70                 ; 70                 ;
; Auto Carry Chains                                                ; On                 ; On                 ;
; Auto Open-Drain Pins                                             ; On                 ; On                 ;
; Perform WYSIWYG Primitive Resynthesis                            ; Off                ; Off                ;
; Auto ROM Replacement                                             ; On                 ; On                 ;
; Auto RAM Replacement                                             ; On                 ; On                 ;
; Auto DSP Block Replacement                                       ; On                 ; On                 ;
; Auto Shift Register Replacement                                  ; Auto               ; Auto               ;
; Allow Shift Register Merging across Hierarchies                  ; Auto               ; Auto               ;
; Auto Clock Enable Replacement                                    ; On                 ; On                 ;
; Strict RAM Replacement                                           ; Off                ; Off                ;
; Allow Synchronous Control Signals                                ; On                 ; On                 ;
; Force Use of Synchronous Clear Signals                           ; Off                ; Off                ;
; Auto RAM Block Balancing                                         ; On                 ; On                 ;
; Auto RAM to Logic Cell Conversion                                ; Off                ; Off                ;
; Auto Resource Sharing                                            ; Off                ; Off                ;
; Allow Any RAM Size For Recognition                               ; Off                ; Off                ;
; Allow Any ROM Size For Recognition                               ; Off                ; Off                ;
; Allow Any Shift Register Size For Recognition                    ; Off                ; Off                ;
; Use LogicLock Constraints during Resource Balancing              ; On                 ; On                 ;
; Ignore translate_off and synthesis_off directives                ; Off                ; Off                ;
; Timing-Driven Synthesis                                          ; On                 ; On                 ;
; Report Parameter Settings                                        ; On                 ; On                 ;
; Report Source Assignments                                        ; On                 ; On                 ;
; Report Connectivity Checks                                       ; On                 ; On                 ;
; Ignore Maximum Fan-Out Assignments                               ; Off                ; Off                ;
; Synchronization Register Chain Length                            ; 2                  ; 2                  ;
; Power Optimization During Synthesis                              ; Normal compilation ; Normal compilation ;
; HDL message level                                                ; Level2             ; Level2             ;
; Suppress Register Optimization Related Messages                  ; Off                ; Off                ;
; Number of Removed Registers Reported in Synthesis Report         ; 5000               ; 5000               ;
; Number of Swept Nodes Reported in Synthesis Report               ; 5000               ; 5000               ;
; Number of Inverted Registers Reported in Synthesis Report        ; 100                ; 100                ;
; Clock MUX Protection                                             ; On                 ; On                 ;
; Auto Gated Clock Conversion                                      ; Off                ; Off                ;
; Block Design Naming                                              ; Auto               ; Auto               ;
; SDC constraint protection                                        ; Off                ; Off                ;
; Synthesis Effort                                                 ; Auto               ; Auto               ;
; Shift Register Replacement - Allow Asynchronous Clear Signal     ; On                 ; On                 ;
; Pre-Mapping Resynthesis Optimization                             ; Off                ; Off                ;
; Analysis & Synthesis Message Level                               ; Medium             ; Medium             ;
; Disable Register Merging Across Hierarchies                      ; Auto               ; Auto               ;
; Resource Aware Inference For Block RAM                           ; On                 ; On                 ;
+------------------------------------------------------------------+--------------------+--------------------+


+------------------------------------------+
; Parallel Compilation                     ;
+----------------------------+-------------+
; Processors                 ; Number      ;
+----------------------------+-------------+
; Number detected on machine ; 8           ;
; Maximum allowed            ; 4           ;
;                            ;             ;
; Average used               ; 1.00        ;
; Maximum used               ; 4           ;
;                            ;             ;
; Usage by Processor         ; % Time Used ;
;     Processor 1            ; 100.0%      ;
;     Processor 2            ;   0.1%      ;
;     Processor 3            ;   0.1%      ;
;     Processor 4            ;   0.1%      ;
+----------------------------+-------------+


+------------------------------------------------------------------------------------------------------------------------------------------------------------------------------------------+
; Analysis & Synthesis Source Files Read                                                                                                                                                   ;
+----------------------------------+-----------------+------------------------+--------------------------------------------------------------------------------------------------+---------+
; File Name with User-Entered Path ; Used in Netlist ; File Type              ; File Name with Absolute Path                                                                     ; Library ;
+----------------------------------+-----------------+------------------------+--------------------------------------------------------------------------------------------------+---------+
; Top.v                            ; yes             ; User Verilog HDL File  ; C:/Users/lms02/OneDrive/Desktop/Computer_Organization_Experiment/Rep_Fin_B0829002/Top.v          ;         ;
; shifter.v                        ; yes             ; User Verilog HDL File  ; C:/Users/lms02/OneDrive/Desktop/Computer_Organization_Experiment/Rep_Fin_B0829002/shifter.v      ;         ;
; Rep_Lab_07.v                     ; yes             ; User Verilog HDL File  ; C:/Users/lms02/OneDrive/Desktop/Computer_Organization_Experiment/Rep_Fin_B0829002/Rep_Lab_07.v   ;         ;
; registerfile.v                   ; yes             ; User Verilog HDL File  ; C:/Users/lms02/OneDrive/Desktop/Computer_Organization_Experiment/Rep_Fin_B0829002/registerfile.v ;         ;
; IMEM.v                           ; yes             ; User Verilog HDL File  ; C:/Users/lms02/OneDrive/Desktop/Computer_Organization_Experiment/Rep_Fin_B0829002/IMEM.v         ;         ;
; funtion_unit.v                   ; yes             ; User Verilog HDL File  ; C:/Users/lms02/OneDrive/Desktop/Computer_Organization_Experiment/Rep_Fin_B0829002/funtion_unit.v ;         ;
; DMEM.v                           ; yes             ; User Verilog HDL File  ; C:/Users/lms02/OneDrive/Desktop/Computer_Organization_Experiment/Rep_Fin_B0829002/DMEM.v         ;         ;
; CPU.v                            ; yes             ; User Verilog HDL File  ; C:/Users/lms02/OneDrive/Desktop/Computer_Organization_Experiment/Rep_Fin_B0829002/CPU.v          ;         ;
; alu.v                            ; yes             ; User Verilog HDL File  ; C:/Users/lms02/OneDrive/Desktop/Computer_Organization_Experiment/Rep_Fin_B0829002/alu.v          ;         ;
; dmem.txt                         ; yes             ; Auto-Found File        ; C:/Users/lms02/OneDrive/Desktop/Computer_Organization_Experiment/Rep_Fin_B0829002/dmem.txt       ;         ;
; imem.txt                         ; yes             ; Auto-Found File        ; C:/Users/lms02/OneDrive/Desktop/Computer_Organization_Experiment/Rep_Fin_B0829002/imem.txt       ;         ;
+----------------------------------+-----------------+------------------------+--------------------------------------------------------------------------------------------------+---------+


+---------------------------------------------------------+
; Analysis & Synthesis Resource Usage Summary             ;
+---------------------------------------------+-----------+
; Resource                                    ; Usage     ;
+---------------------------------------------+-----------+
; Estimated Total logic elements              ; 3,962     ;
;                                             ;           ;
; Total combinational functions               ; 1884      ;
; Logic element usage by number of LUT inputs ;           ;
;     -- 4 input functions                    ; 1571      ;
;     -- 3 input functions                    ; 276       ;
;     -- <=2 input functions                  ; 37        ;
;                                             ;           ;
; Logic elements by mode                      ;           ;
;     -- normal mode                          ; 1870      ;
;     -- arithmetic mode                      ; 14        ;
;                                             ;           ;
; Total registers                             ; 2120      ;
;     -- Dedicated logic registers            ; 2120      ;
;     -- I/O registers                        ; 0         ;
;                                             ;           ;
; I/O pins                                    ; 115       ;
;                                             ;           ;
; Embedded Multiplier 9-bit elements          ; 0         ;
;                                             ;           ;
; Maximum fan-out node                        ; clk~input ;
; Maximum fan-out                             ; 2120      ;
; Total fan-out                               ; 13756     ;
; Average fan-out                             ; 3.24      ;
+---------------------------------------------+-----------+


+-------------------------------------------------------------------------------------------------------------------------------------------------------------------------------------------------------------------------------------------------+
; Analysis & Synthesis Resource Utilization by Entity                                                                                                                                                                                             ;
+-----------------------------+---------------------+---------------------------+-------------+--------------+---------+-----------+------+--------------+----------------------------------------------------------+--------------+--------------+
; Compilation Hierarchy Node  ; Combinational ALUTs ; Dedicated Logic Registers ; Memory Bits ; DSP Elements ; DSP 9x9 ; DSP 18x18 ; Pins ; Virtual Pins ; Full Hierarchy Name                                      ; Entity Name  ; Library Name ;
+-----------------------------+---------------------+---------------------------+-------------+--------------+---------+-----------+------+--------------+----------------------------------------------------------+--------------+--------------+
; |Top                        ; 1884 (0)            ; 2120 (0)                  ; 0           ; 0            ; 0       ; 0         ; 115  ; 0            ; |Top                                                     ; Top          ; work         ;
;    |CPU:cpu|                ; 185 (32)            ; 72 (8)                    ; 0           ; 0            ; 0       ; 0         ; 0    ; 0            ; |Top|CPU:cpu                                             ; CPU          ; work         ;
;       |Rep_Lab_07:rep|      ; 153 (70)            ; 64 (0)                    ; 0           ; 0            ; 0       ; 0         ; 0    ; 0            ; |Top|CPU:cpu|Rep_Lab_07:rep                              ; Rep_Lab_07   ; work         ;
;          |funtion_unit:fuu| ; 34 (1)              ; 0 (0)                     ; 0           ; 0            ; 0       ; 0         ; 0    ; 0            ; |Top|CPU:cpu|Rep_Lab_07:rep|funtion_unit:fuu             ; funtion_unit ; work         ;
;             |alu:auu|       ; 31 (31)             ; 0 (0)                     ; 0           ; 0            ; 0       ; 0         ; 0    ; 0            ; |Top|CPU:cpu|Rep_Lab_07:rep|funtion_unit:fuu|alu:auu     ; alu          ; work         ;
;             |shifter:stt|   ; 2 (2)               ; 0 (0)                     ; 0           ; 0            ; 0       ; 0         ; 0    ; 0            ; |Top|CPU:cpu|Rep_Lab_07:rep|funtion_unit:fuu|shifter:stt ; shifter      ; work         ;
;          |registerfile:rff| ; 49 (49)             ; 64 (64)                   ; 0           ; 0            ; 0       ; 0         ; 0    ; 0            ; |Top|CPU:cpu|Rep_Lab_07:rep|registerfile:rff             ; registerfile ; work         ;
;    |DMEM:dmem|              ; 1666 (1666)         ; 2048 (2048)               ; 0           ; 0            ; 0       ; 0         ; 0    ; 0            ; |Top|DMEM:dmem                                           ; DMEM         ; work         ;
;    |IMEM:imem|              ; 33 (33)             ; 0 (0)                     ; 0           ; 0            ; 0       ; 0         ; 0    ; 0            ; |Top|IMEM:imem                                           ; IMEM         ; work         ;
+-----------------------------+---------------------+---------------------------+-------------+--------------+---------+-----------+------+--------------+----------------------------------------------------------+--------------+--------------+
Note: For table entries with two numbers listed, the numbers in parentheses indicate the number of resources of the given type used by the specific entity alone. The numbers listed outside of parentheses indicate the total resources of the given type used by the specific entity and all of its sub-entities in the hierarchy.


+------------------------------------------------------+
; General Register Statistics                          ;
+----------------------------------------------+-------+
; Statistic                                    ; Value ;
+----------------------------------------------+-------+
; Total registers                              ; 2120  ;
; Number of registers using Synchronous Clear  ; 0     ;
; Number of registers using Synchronous Load   ; 0     ;
; Number of registers using Asynchronous Clear ; 0     ;
; Number of registers using Asynchronous Load  ; 0     ;
; Number of registers using Clock Enable       ; 2112  ;
; Number of registers using Preset             ; 0     ;
+----------------------------------------------+-------+


+--------------------------------------------------------------------------------------------------------------------------------------------------------------------------+
; Multiplexer Restructuring Statistics (Restructuring Performed)                                                                                                           ;
+--------------------+-----------+---------------+----------------------+------------------------+------------+------------------------------------------------------------+
; Multiplexer Inputs ; Bus Width ; Baseline Area ; Area if Restructured ; Saving if Restructured ; Registered ; Example Multiplexer Output                                 ;
+--------------------+-----------+---------------+----------------------+------------------------+------------+------------------------------------------------------------+
; 5:1                ; 8 bits    ; 24 LEs        ; 16 LEs               ; 8 LEs                  ; Yes        ; |Top|CPU:cpu|PC[0]                                         ;
; 3:1                ; 6 bits    ; 12 LEs        ; 6 LEs                ; 6 LEs                  ; No         ; |Top|CPU:cpu|Add0                                          ;
; 4:1                ; 8 bits    ; 16 LEs        ; 16 LEs               ; 0 LEs                  ; No         ; |Top|CPU:cpu|Rep_Lab_07:rep|funtion_unit:fuu|alu:auu|Mux14 ;
; 5:1                ; 8 bits    ; 24 LEs        ; 24 LEs               ; 0 LEs                  ; No         ; |Top|CPU:cpu|Rep_Lab_07:rep|funtion_unit:fuu|alu:auu|G[2]  ;
; 8:1                ; 8 bits    ; 40 LEs        ; 40 LEs               ; 0 LEs                  ; No         ; |Top|CPU:cpu|Rep_Lab_07:rep|registerfile:rff|Mux7          ;
; 6:1                ; 6 bits    ; 24 LEs        ; 18 LEs               ; 6 LEs                  ; No         ; |Top|CPU:cpu|Rep_Lab_07:rep|BusD[3]                        ;
; 9:1                ; 5 bits    ; 30 LEs        ; 30 LEs               ; 0 LEs                  ; No         ; |Top|CPU:cpu|Rep_Lab_07:rep|BusB[3]                        ;
; 9:1                ; 3 bits    ; 18 LEs        ; 18 LEs               ; 0 LEs                  ; No         ; |Top|CPU:cpu|Rep_Lab_07:rep|BusB[0]                        ;
+--------------------+-----------+---------------+----------------------+------------------------+------------+------------------------------------------------------------+


+-----------------------------------------------------------------------------------------------------------------------+
; Port Connectivity Checks: "CPU:cpu|Rep_Lab_07:rep"                                                                    ;
+-------------+--------+----------+-------------------------------------------------------------------------------------+
; Port        ; Type   ; Severity ; Details                                                                             ;
+-------------+--------+----------+-------------------------------------------------------------------------------------+
; Cosin[7..3] ; Input  ; Info     ; Stuck at GND                                                                        ;
; V           ; Output ; Info     ; Connected to dangling logic. Logic that only feeds a dangling port will be removed. ;
; C           ; Output ; Info     ; Connected to dangling logic. Logic that only feeds a dangling port will be removed. ;
+-------------+--------+----------+-------------------------------------------------------------------------------------+


+-----------------------------------------------------+
; Post-Synthesis Netlist Statistics for Top Partition ;
+-----------------------+-----------------------------+
; Type                  ; Count                       ;
+-----------------------+-----------------------------+
; boundary_port         ; 115                         ;
; cycloneiii_ff         ; 2120                        ;
;     ENA               ; 2112                        ;
;     plain             ; 8                           ;
; cycloneiii_lcell_comb ; 1898                        ;
;     arith             ; 14                          ;
;         3 data inputs ; 14                          ;
;     normal            ; 1884                        ;
;         1 data inputs ; 32                          ;
;         2 data inputs ; 19                          ;
;         3 data inputs ; 262                         ;
;         4 data inputs ; 1571                        ;
;                       ;                             ;
; Max LUT depth         ; 15.00                       ;
; Average LUT depth     ; 9.30                        ;
+-----------------------+-----------------------------+


+-------------------------------+
; Elapsed Time Per Partition    ;
+----------------+--------------+
; Partition Name ; Elapsed Time ;
+----------------+--------------+
; Top            ; 00:00:08     ;
+----------------+--------------+


+-------------------------------+
; Analysis & Synthesis Messages ;
+-------------------------------+
Info: *******************************************************************
Info: Running Quartus Prime Analysis & Synthesis
    Info: Version 20.1.1 Build 720 11/11/2020 SJ Lite Edition
    Info: Processing started: Thu Jan 12 17:29:37 2023
Info: Command: quartus_map --read_settings_files=on --write_settings_files=off Rep_Fin_B0829002 -c Rep_Fin_B0829002
Warning (18236): Number of processors has not been specified which may cause overloading on shared machines.  Set the global assignment NUM_PARALLEL_PROCESSORS in your QSF to an appropriate value for best performance.
Info (20032): Parallel compilation is enabled and will use up to 4 processors
Info (12021): Found 1 design units, including 1 entities, in source file top_tb.v
    Info (12023): Found entity 1: Top_tb File: C:/Users/lms02/OneDrive/Desktop/Computer_Organization_Experiment/Rep_Fin_B0829002/Top_tb.v Line: 2
Info (12021): Found 1 design units, including 1 entities, in source file top.v
    Info (12023): Found entity 1: Top File: C:/Users/lms02/OneDrive/Desktop/Computer_Organization_Experiment/Rep_Fin_B0829002/Top.v Line: 1
Warning (12019): Can't analyze file -- file test.v is missing
Info (12021): Found 1 design units, including 1 entities, in source file sib.v
    Info (12023): Found entity 1: sib File: C:/Users/lms02/OneDrive/Desktop/Computer_Organization_Experiment/Rep_Fin_B0829002/sib.v Line: 1
Info (12021): Found 1 design units, including 1 entities, in source file shifter.v
    Info (12023): Found entity 1: shifter File: C:/Users/lms02/OneDrive/Desktop/Computer_Organization_Experiment/Rep_Fin_B0829002/shifter.v Line: 1
Info (12021): Found 1 design units, including 1 entities, in source file rep_lab_07.v
    Info (12023): Found entity 1: Rep_Lab_07 File: C:/Users/lms02/OneDrive/Desktop/Computer_Organization_Experiment/Rep_Fin_B0829002/Rep_Lab_07.v Line: 1
Info (12021): Found 1 design units, including 1 entities, in source file registerfile.v
    Info (12023): Found entity 1: registerfile File: C:/Users/lms02/OneDrive/Desktop/Computer_Organization_Experiment/Rep_Fin_B0829002/registerfile.v Line: 1
Info (12021): Found 1 design units, including 1 entities, in source file minussib.v
    Info (12023): Found entity 1: minussib File: C:/Users/lms02/OneDrive/Desktop/Computer_Organization_Experiment/Rep_Fin_B0829002/minussib.v Line: 1
Info (12021): Found 1 design units, including 1 entities, in source file imem.v
    Info (12023): Found entity 1: IMEM File: C:/Users/lms02/OneDrive/Desktop/Computer_Organization_Experiment/Rep_Fin_B0829002/IMEM.v Line: 1
Info (12021): Found 1 design units, including 1 entities, in source file funtion_unit.v
    Info (12023): Found entity 1: funtion_unit File: C:/Users/lms02/OneDrive/Desktop/Computer_Organization_Experiment/Rep_Fin_B0829002/funtion_unit.v Line: 1
Info (12021): Found 1 design units, including 1 entities, in source file dmem.v
    Info (12023): Found entity 1: DMEM File: C:/Users/lms02/OneDrive/Desktop/Computer_Organization_Experiment/Rep_Fin_B0829002/DMEM.v Line: 1
Info (12021): Found 1 design units, including 1 entities, in source file debounce.v
    Info (12023): Found entity 1: debounce File: C:/Users/lms02/OneDrive/Desktop/Computer_Organization_Experiment/Rep_Fin_B0829002/debounce.v Line: 1
Info (12021): Found 1 design units, including 1 entities, in source file cpu.v
    Info (12023): Found entity 1: CPU File: C:/Users/lms02/OneDrive/Desktop/Computer_Organization_Experiment/Rep_Fin_B0829002/CPU.v Line: 1
Info (12021): Found 1 design units, including 1 entities, in source file alu.v
    Info (12023): Found entity 1: alu File: C:/Users/lms02/OneDrive/Desktop/Computer_Organization_Experiment/Rep_Fin_B0829002/alu.v Line: 1
Info (12127): Elaborating entity "Top" for the top level hierarchy
Info (12128): Elaborating entity "CPU" for hierarchy "CPU:cpu" File: C:/Users/lms02/OneDrive/Desktop/Computer_Organization_Experiment/Rep_Fin_B0829002/Top.v Line: 6
Warning (10036): Verilog HDL or VHDL warning at CPU.v(8): object "Opcode" assigned a value but never read File: C:/Users/lms02/OneDrive/Desktop/Computer_Organization_Experiment/Rep_Fin_B0829002/CPU.v Line: 8
Warning (10036): Verilog HDL or VHDL warning at CPU.v(10): object "SB" assigned a value but never read File: C:/Users/lms02/OneDrive/Desktop/Computer_Organization_Experiment/Rep_Fin_B0829002/CPU.v Line: 10
Warning (10230): Verilog HDL assignment warning at CPU.v(48): truncated value with size 32 to match size of target (8) File: C:/Users/lms02/OneDrive/Desktop/Computer_Organization_Experiment/Rep_Fin_B0829002/CPU.v Line: 48
Warning (10230): Verilog HDL assignment warning at CPU.v(54): truncated value with size 32 to match size of target (8) File: C:/Users/lms02/OneDrive/Desktop/Computer_Organization_Experiment/Rep_Fin_B0829002/CPU.v Line: 54
Info (12128): Elaborating entity "Rep_Lab_07" for hierarchy "CPU:cpu|Rep_Lab_07:rep" File: C:/Users/lms02/OneDrive/Desktop/Computer_Organization_Experiment/Rep_Fin_B0829002/CPU.v Line: 15
Info (12128): Elaborating entity "registerfile" for hierarchy "CPU:cpu|Rep_Lab_07:rep|registerfile:rff" File: C:/Users/lms02/OneDrive/Desktop/Computer_Organization_Experiment/Rep_Fin_B0829002/Rep_Lab_07.v Line: 13
Info (12128): Elaborating entity "funtion_unit" for hierarchy "CPU:cpu|Rep_Lab_07:rep|funtion_unit:fuu" File: C:/Users/lms02/OneDrive/Desktop/Computer_Organization_Experiment/Rep_Fin_B0829002/Rep_Lab_07.v Line: 14
Info (12128): Elaborating entity "alu" for hierarchy "CPU:cpu|Rep_Lab_07:rep|funtion_unit:fuu|alu:auu" File: C:/Users/lms02/OneDrive/Desktop/Computer_Organization_Experiment/Rep_Fin_B0829002/funtion_unit.v Line: 9
Info (12128): Elaborating entity "shifter" for hierarchy "CPU:cpu|Rep_Lab_07:rep|funtion_unit:fuu|shifter:stt" File: C:/Users/lms02/OneDrive/Desktop/Computer_Organization_Experiment/Rep_Fin_B0829002/funtion_unit.v Line: 10
Info (12128): Elaborating entity "IMEM" for hierarchy "IMEM:imem" File: C:/Users/lms02/OneDrive/Desktop/Computer_Organization_Experiment/Rep_Fin_B0829002/Top.v Line: 7
Warning (10850): Verilog HDL warning at IMEM.v(6): number of words (15) in memory file does not match the number of elements in the address range [0:255] File: C:/Users/lms02/OneDrive/Desktop/Computer_Organization_Experiment/Rep_Fin_B0829002/IMEM.v Line: 6
Warning (10030): Net "Instruction_memory.data_a" at IMEM.v(5) has no driver or initial value, using a default initial value '0' File: C:/Users/lms02/OneDrive/Desktop/Computer_Organization_Experiment/Rep_Fin_B0829002/IMEM.v Line: 5
Warning (10030): Net "Instruction_memory.waddr_a" at IMEM.v(5) has no driver or initial value, using a default initial value '0' File: C:/Users/lms02/OneDrive/Desktop/Computer_Organization_Experiment/Rep_Fin_B0829002/IMEM.v Line: 5
Warning (10030): Net "Instruction_memory.we_a" at IMEM.v(5) has no driver or initial value, using a default initial value '0' File: C:/Users/lms02/OneDrive/Desktop/Computer_Organization_Experiment/Rep_Fin_B0829002/IMEM.v Line: 5
Info (12128): Elaborating entity "DMEM" for hierarchy "DMEM:dmem" File: C:/Users/lms02/OneDrive/Desktop/Computer_Organization_Experiment/Rep_Fin_B0829002/Top.v Line: 8
Warning (10850): Verilog HDL warning at DMEM.v(7): number of words (32) in memory file does not match the number of elements in the address range [0:255] File: C:/Users/lms02/OneDrive/Desktop/Computer_Organization_Experiment/Rep_Fin_B0829002/DMEM.v Line: 7
Warning (10175): Verilog HDL warning at DMEM.v(11): ignoring unsupported system task File: C:/Users/lms02/OneDrive/Desktop/Computer_Organization_Experiment/Rep_Fin_B0829002/DMEM.v Line: 11
Info (276014): Found 1 instances of uninferred RAM logic
    Info (276007): RAM logic "DMEM:dmem|Data_memory" is uninferred due to asynchronous read logic File: C:/Users/lms02/OneDrive/Desktop/Computer_Organization_Experiment/Rep_Fin_B0829002/DMEM.v Line: 6
Warning (127007): Memory Initialization File or Hexadecimal (Intel-Format) File "C:/Users/lms02/OneDrive/Desktop/Computer_Organization_Experiment/Rep_Fin_B0829002/db/Rep_Fin_B0829002.ram0_IMEM_257482.hdl.mif" contains "don't care" values -- overwriting them with 0s
Warning (127007): Memory Initialization File or Hexadecimal (Intel-Format) File "C:/Users/lms02/OneDrive/Desktop/Computer_Organization_Experiment/Rep_Fin_B0829002/db/Rep_Fin_B0829002.ram0_DMEM_22f088.hdl.mif" contains "don't care" values -- overwriting them with 0s
Info (286030): Timing-Driven Synthesis is running
Info (17016): Found the following redundant logic cells in design
    Info (17048): Logic cell "CPU:cpu|Rep_Lab_07:rep|funtion_unit:fuu|alu:auu|Add0~0" File: C:/Users/lms02/OneDrive/Desktop/Computer_Organization_Experiment/Rep_Fin_B0829002/alu.v Line: 27
    Info (17048): Logic cell "CPU:cpu|Rep_Lab_07:rep|funtion_unit:fuu|alu:auu|Add0~2" File: C:/Users/lms02/OneDrive/Desktop/Computer_Organization_Experiment/Rep_Fin_B0829002/alu.v Line: 27
    Info (17048): Logic cell "CPU:cpu|Rep_Lab_07:rep|funtion_unit:fuu|alu:auu|Add0~4" File: C:/Users/lms02/OneDrive/Desktop/Computer_Organization_Experiment/Rep_Fin_B0829002/alu.v Line: 27
    Info (17048): Logic cell "CPU:cpu|Rep_Lab_07:rep|funtion_unit:fuu|alu:auu|Add0~6" File: C:/Users/lms02/OneDrive/Desktop/Computer_Organization_Experiment/Rep_Fin_B0829002/alu.v Line: 27
    Info (17048): Logic cell "CPU:cpu|Rep_Lab_07:rep|funtion_unit:fuu|alu:auu|Add0~8" File: C:/Users/lms02/OneDrive/Desktop/Computer_Organization_Experiment/Rep_Fin_B0829002/alu.v Line: 27
    Info (17048): Logic cell "CPU:cpu|Rep_Lab_07:rep|funtion_unit:fuu|alu:auu|Add0~10" File: C:/Users/lms02/OneDrive/Desktop/Computer_Organization_Experiment/Rep_Fin_B0829002/alu.v Line: 27
    Info (17048): Logic cell "CPU:cpu|Rep_Lab_07:rep|funtion_unit:fuu|alu:auu|Add0~12" File: C:/Users/lms02/OneDrive/Desktop/Computer_Organization_Experiment/Rep_Fin_B0829002/alu.v Line: 27
    Info (17048): Logic cell "CPU:cpu|Rep_Lab_07:rep|funtion_unit:fuu|alu:auu|Add0~14" File: C:/Users/lms02/OneDrive/Desktop/Computer_Organization_Experiment/Rep_Fin_B0829002/alu.v Line: 27
Info (16010): Generating hard_block partition "hard_block:auto_generated_inst"
    Info (16011): Adding 0 node(s), including 0 DDIO, 0 PLL, 0 transceiver and 0 LCELL
Info (21057): Implemented 4101 device resources after synthesis - the final resource count might be different
    Info (21058): Implemented 2 input pins
    Info (21059): Implemented 113 output pins
    Info (21061): Implemented 3986 logic cells
Info: Quartus Prime Analysis & Synthesis was successful. 0 errors, 14 warnings
    Info: Peak virtual memory: 4770 megabytes
    Info: Processing ended: Thu Jan 12 17:30:09 2023
    Info: Elapsed time: 00:00:32
    Info: Total CPU time (on all processors): 00:01:02


